Linux 6.8.0-124-generic (testbed-node6) 	19/06/26 	_x86_64_	(24 CPU)

15:06:26     CPU    %usr   %nice    %sys %iowait    %irq   %soft  %steal  %guest  %gnice   %idle
15:06:27     all    0,88    0,00    0,34    0,00    0,00   38,26    0,00    0,00    0,00   60,52
15:06:27       0    1,00    0,00    0,00    0,00    0,00   42,00    0,00    0,00    0,00   57,00
15:06:27       1    0,00    0,00    0,00    0,00    0,00   58,82    0,00    0,00    0,00   41,18
15:06:27       2    0,00    0,00    0,00    0,00    0,00   60,40    0,00    0,00    0,00   39,60
15:06:27       3    0,00    0,00    0,00    0,00    0,00   57,58    0,00    0,00    0,00   42,42
15:06:27       4    0,00    0,00    0,00    0,00    0,00   56,12    0,00    0,00    0,00   43,88
15:06:27       5    0,00    0,00    0,00    0,00    0,00   90,00    0,00    0,00    0,00   10,00
15:06:27       6    0,00    0,00    0,00    0,00    0,00  100,00    0,00    0,00    0,00    0,00
15:06:27       7    0,00    0,00    0,00    0,00    0,00   88,00    0,00    0,00    0,00   12,00
15:06:27       8    0,00    0,00    0,00    0,00    0,00   78,79    0,00    0,00    0,00   21,21
15:06:27       9    0,00    0,00    0,00    0,00    0,00   29,00    0,00    0,00    0,00   71,00
15:06:27      10    2,94    0,00    0,98    0,00    0,00   33,33    0,00    0,00    0,00   62,75
15:06:27      11    0,00    0,00    0,00    0,00    0,00   37,37    0,00    0,00    0,00   62,63
15:06:27      12    1,01    0,00    0,00    0,00    0,00   39,39    0,00    0,00    0,00   59,60
15:06:27      13    0,00    0,00    0,00    0,00    0,00   51,52    0,00    0,00    0,00   48,48
15:06:27      14   11,22    0,00    2,04    0,00    0,00   46,94    0,00    0,00    0,00   39,80
15:06:27      15    0,00    0,00    0,00    0,00    0,00   51,14    0,00    0,00    0,00   48,86
15:06:27      16    0,99    0,00    0,99    0,00    0,00    0,00    0,00    0,00    0,00   98,02
15:06:27      17    0,99    0,00    0,99    0,00    0,00    0,00    0,00    0,00    0,00   98,02
15:06:27      18    1,00    0,00    1,00    0,00    0,00    0,00    0,00    0,00    0,00   98,00
15:06:27      19    0,00    0,00    1,00    0,00    0,00    0,00    0,00    0,00    0,00   99,00
15:06:27      20    2,00    0,00    1,00    0,00    0,00    0,00    0,00    0,00    0,00   97,00
15:06:27      21    0,00    0,00    0,00    0,00    0,00    0,00    0,00    0,00    0,00  100,00
15:06:27      22    0,00    0,00    0,00    0,00    0,00    0,00    0,00    0,00    0,00  100,00
15:06:27      23    0,00    0,00    0,00    0,00    0,00    0,00    0,00    0,00    0,00  100,00

15:06:27     CPU    %usr   %nice    %sys %iowait    %irq   %soft  %steal  %guest  %gnice   %idle
15:06:28     all    0,13    0,00    0,04    0,00    0,00   37,11    0,00    0,00    0,00   62,72
15:06:28       0    0,00    0,00    0,00    0,00    0,00   43,14    0,00    0,00    0,00   56,86
15:06:28       1    0,00    0,00    0,00    0,00    0,00   55,10    0,00    0,00    0,00   44,90
15:06:28       2    0,00    0,00    0,00    0,00    0,00   58,42    0,00    0,00    0,00   41,58
15:06:28       3    0,00    0,00    0,00    0,00    0,00   56,57    0,00    0,00    0,00   43,43
15:06:28       4    0,00    0,00    0,00    0,00    0,00   56,00    0,00    0,00    0,00   44,00
15:06:28       5    0,00    0,00    0,00    0,00    0,00   86,73    0,00    0,00    0,00   13,27
15:06:28       6    0,00    0,00    0,00    0,00    0,00  100,00    0,00    0,00    0,00    0,00
15:06:28       7    0,00    0,00    0,00    0,00    0,00   85,86    0,00    0,00    0,00   14,14
15:06:28       8    0,00    0,00    0,00    0,00    0,00   77,55    0,00    0,00    0,00   22,45
15:06:28       9    0,00    0,00    0,00    0,00    0,00   27,27    0,00    0,00    0,00   72,73
15:06:28      10    0,00    0,00    0,00    0,00    0,00   33,33    0,00    0,00    0,00   66,67
15:06:28      11    0,00    0,00    0,00    0,00    0,00   36,63    0,00    0,00    0,00   63,37
15:06:28      12    0,00    0,00    0,00    0,00    0,00   39,39    0,00    0,00    0,00   60,61
15:06:28      13    0,00    0,00    0,00    0,00    0,00   51,00    0,00    0,00    0,00   49,00
15:06:28      14    0,98    0,00    0,00    0,00    0,00   45,10    0,00    0,00    0,00   53,92
15:06:28      15    0,00    0,00    0,00    0,00    0,00   42,31    0,00    0,00    0,00   57,69
15:06:28      16    1,00    0,00    0,00    0,00    0,00    0,00    0,00    0,00    0,00   99,00
15:06:28      17    0,00    0,00    0,00    0,00    0,00    0,00    0,00    0,00    0,00  100,00
15:06:28      18    0,00    0,00    1,00    0,00    0,00    0,00    0,00    0,00    0,00   99,00
15:06:28      19    0,99    0,00    0,00    0,00    0,00    0,00    0,00    0,00    0,00   99,01
15:06:28      20    0,00    0,00    0,00    0,00    0,00    0,00    0,00    0,00    0,00  100,00
15:06:28      21    0,00    0,00    0,00    0,00    0,00    0,00    0,00    0,00    0,00  100,00
15:06:28      22    0,00    0,00    0,00    0,00    0,00    0,00    0,00    0,00    0,00  100,00
15:06:28      23    0,00    0,00    0,00    0,00    0,00    0,00    0,00    0,00    0,00  100,00

15:06:28     CPU    %usr   %nice    %sys %iowait    %irq   %soft  %steal  %guest  %gnice   %idle
15:06:29     all    1,61    0,00    1,32    0,00    0,00   39,24    0,00    0,00    0,00   57,83
15:06:29       0    1,03    0,00    1,03    0,00    0,00   44,33    0,00    0,00    0,00   53,61
15:06:29       1    5,00    0,00    4,00    0,00    0,00   61,00    0,00    0,00    0,00   30,00
15:06:29       2    0,00    0,00    0,00    0,00    0,00   62,24    0,00    0,00    0,00   37,76
15:06:29       3    0,00    0,00    0,00    0,00    0,00   60,00    0,00    0,00    0,00   40,00
15:06:29       4    0,00    0,00    0,00    0,00    0,00   59,18    0,00    0,00    0,00   40,82
15:06:29       5    0,00    0,00    0,00    0,00    0,00   92,63    0,00    0,00    0,00    7,37
15:06:29       6    0,00    0,00    0,00    0,00    0,00  100,00    0,00    0,00    0,00    0,00
15:06:29       7    0,00    0,00    0,00    0,00    0,00   92,00    0,00    0,00    0,00    8,00
15:06:29       8    0,00    0,00    0,00    0,00    0,00   82,18    0,00    0,00    0,00   17,82
15:06:29       9    1,98    0,00    0,99    0,00    0,00   29,70    0,00    0,00    0,00   67,33
15:06:29      10    1,01    0,00    0,00    0,00    0,00   37,37    0,00    0,00    0,00   61,62
15:06:29      11    0,00    0,00    0,00    0,00    0,00   39,80    0,00    0,00    0,00   60,20
15:06:29      12    5,94    0,00    3,96    0,00    0,00   38,61    0,00    0,00    0,00   51,49
15:06:29      13    0,00    0,00    0,00    0,00    0,00   52,04    0,00    0,00    0,00   47,96
15:06:29      14    4,08    0,00    1,02    0,00    0,00   47,96    0,00    0,00    0,00   46,94
15:06:29      15    1,30    0,00    1,30    0,00    0,00   46,75    0,00    0,00    0,00   50,65
15:06:29      16    3,00    0,00    1,00    0,00    0,00    0,00    0,00    0,00    0,00   96,00
15:06:29      17    5,05    0,00    3,03    0,00    0,00    0,00    0,00    0,00    0,00   91,92
15:06:29      18    2,02    0,00    2,02    0,00    0,00    0,00    0,00    0,00    0,00   95,96
15:06:29      19    4,00    0,00    6,00    0,00    0,00    0,00    0,00    0,00    0,00   90,00
15:06:29      20    1,02    0,00    2,04    0,00    0,00    0,00    0,00    0,00    0,00   96,94
15:06:29      21    1,98    0,00    2,97    0,00    0,00    0,00    0,00    0,00    0,00   95,05
15:06:29      22    0,00    0,00    1,01    0,00    0,00    0,00    0,00    0,00    0,00   98,99
15:06:29      23    1,01    0,00    1,01    0,00    0,00    0,00    0,00    0,00    0,00   97,98

15:06:29     CPU    %usr   %nice    %sys %iowait    %irq   %soft  %steal  %guest  %gnice   %idle
15:06:30     all    0,64    0,00    0,17    0,00    0,00   37,34    0,00    0,00    0,00   61,85
15:06:30       0    0,00    0,00    1,00    0,00    0,00   37,00    0,00    0,00    0,00   62,00
15:06:30       1    1,00    0,00    0,00    0,00    0,00   57,00    0,00    0,00    0,00   42,00
15:06:30       2    0,00    0,00    0,00    0,00    0,00   58,42    0,00    0,00    0,00   41,58
15:06:30       3    0,00    0,00    0,00    0,00    0,00   57,14    0,00    0,00    0,00   42,86
15:06:30       4    1,00    0,00    0,00    0,00    0,00   57,00    0,00    0,00    0,00   42,00
15:06:30       5    0,00    0,00    0,00    0,00    0,00   89,11    0,00    0,00    0,00   10,89
15:06:30       6    0,00    0,00    0,00    0,00    0,00  100,00    0,00    0,00    0,00    0,00
15:06:30       7    0,00    0,00    0,00    0,00    0,00   87,00    0,00    0,00    0,00   13,00
15:06:30       8    1,01    0,00    0,00    0,00    0,00   75,76    0,00    0,00    0,00   23,23
15:06:30       9    0,00    0,00    0,00    0,00    0,00   30,00    0,00    0,00    0,00   70,00
15:06:30      10    0,00    0,00    0,00    0,00    0,00   32,99    0,00    0,00    0,00   67,01
15:06:30      11    0,00    0,00    0,00    0,00    0,00   38,38    0,00    0,00    0,00   61,62
15:06:30      12    2,04    0,00    0,00    0,00    0,00   38,78    0,00    0,00    0,00   59,18
15:06:30      13    0,00    0,00    0,00    0,00    0,00   35,14    0,00    0,00    0,00   64,86
15:06:30      14    8,00    0,00    1,00    0,00    0,00   47,00    0,00    0,00    0,00   44,00
15:06:30      15    0,00    0,00    0,00    0,00    0,00   55,21    0,00    0,00    0,00   44,79
15:06:30      16    0,00    0,00    1,00    0,00    0,00    0,00    0,00    0,00    0,00   99,00
15:06:30      17    0,00    0,00    0,00    0,00    0,00    0,00    0,00    0,00    0,00  100,00
15:06:30      18    0,00    0,00    0,00    0,00    0,00    0,00    0,00    0,00    0,00  100,00
15:06:30      19    0,00    0,00    0,00    0,00    0,00    0,00    0,00    0,00    0,00  100,00
15:06:30      20    1,01    0,00    0,00    0,00    0,00    0,00    0,00    0,00    0,00   98,99
15:06:30      21    0,00    0,00    0,00    0,00    0,00    0,00    0,00    0,00    0,00  100,00
15:06:30      22    0,99    0,00    0,00    0,00    0,00    0,00    0,00    0,00    0,00   99,01
15:06:30      23    0,00    0,00    0,99    0,00    0,00    0,00    0,00    0,00    0,00   99,01

15:06:30     CPU    %usr   %nice    %sys %iowait    %irq   %soft  %steal  %guest  %gnice   %idle
15:06:31     all    0,33    0,00    0,08    0,00    0,00   37,99    0,00    0,00    0,00   61,59
15:06:31       0    0,00    0,00    0,00    0,00    0,00   36,36    0,00    0,00    0,00   63,64
15:06:31       1    0,00    0,00    0,00    0,00    0,00   55,88    0,00    0,00    0,00   44,12
15:06:31       2    0,99    0,00    0,00    0,00    0,00   59,41    0,00    0,00    0,00   39,60
15:06:31       3    0,00    0,00    0,00    0,00    0,00   56,57    0,00    0,00    0,00   43,43
15:06:31       4    0,00    0,00    0,00    0,00    0,00   56,00    0,00    0,00    0,00   44,00
15:06:31       5    0,00    0,00    0,00    0,00    0,00   88,89    0,00    0,00    0,00   11,11
15:06:31       6    0,00    0,00    0,00    0,00    0,00  100,00    0,00    0,00    0,00    0,00
15:06:31       7    0,00    0,00    0,00    0,00    0,00   87,88    0,00    0,00    0,00   12,12
15:06:31       8    0,00    0,00    0,00    0,00    0,00   77,32    0,00    0,00    0,00   22,68
15:06:31       9    0,00    0,00    0,00    0,00    0,00   29,29    0,00    0,00    0,00   70,71
15:06:31      10    1,01    0,00    0,00    0,00    0,00   33,33    0,00    0,00    0,00   65,66
15:06:31      11    0,00    0,00    0,00    0,00    0,00   37,37    0,00    0,00    0,00   62,63
15:06:31      12    1,98    0,00    0,99    0,00    0,00   38,61    0,00    0,00    0,00   58,42
15:06:31      13    0,00    0,00    1,00    0,00    0,00   51,00    0,00    0,00    0,00   48,00
15:06:31      14    2,00    0,00    0,00    0,00    0,00   47,00    0,00    0,00    0,00   51,00
15:06:31      15    0,00    0,00    0,00    0,00    0,00   56,57    0,00    0,00    0,00   43,43
15:06:31      16    0,00    0,00    0,00    0,00    0,00    0,00    0,00    0,00    0,00  100,00
15:06:31      17    0,00    0,00    0,00    0,00    0,00    1,00    0,00    0,00    0,00   99,00
15:06:31      18    0,99    0,00    0,00    0,00    0,00    0,00    0,00    0,00    0,00   99,01
15:06:31      19    0,99    0,00    0,00    0,00    0,00    0,00    0,00    0,00    0,00   99,01
15:06:31      20    0,00    0,00    0,00    0,00    0,00    0,00    0,00    0,00    0,00  100,00
15:06:31      21    0,00    0,00    0,00    0,00    0,00    0,00    0,00    0,00    0,00  100,00
15:06:31      22    0,00    0,00    0,00    0,00    0,00    0,00    0,00    0,00    0,00  100,00
15:06:31      23    0,00    0,00    0,00    0,00    0,00    0,00    0,00    0,00    0,00  100,00

15:06:31     CPU    %usr   %nice    %sys %iowait    %irq   %soft  %steal  %guest  %gnice   %idle
15:06:32     all    0,25    0,00    0,08    0,00    0,00   37,19    0,00    0,00    0,00   62,48
15:06:32       0    1,98    0,00    0,00    0,00    0,00   36,63    0,00    0,00    0,00   61,39
15:06:32       1    0,00    0,00    0,00    0,00    0,00   54,08    0,00    0,00    0,00   45,92
15:06:32       2    0,00    0,00    0,00    0,00    0,00   58,42    0,00    0,00    0,00   41,58
15:06:32       3    0,00    0,00    0,00    0,00    0,00   56,00    0,00    0,00    0,00   44,00
15:06:32       4    0,00    0,00    0,00    0,00    0,00   56,00    0,00    0,00    0,00   44,00
15:06:32       5    0,00    0,00    0,00    0,00    0,00   88,78    0,00    0,00    0,00   11,22
15:06:32       6    0,00    0,00    0,00    0,00    0,00  100,00    0,00    0,00    0,00    0,00
15:06:32       7    0,00    0,00    0,00    0,00    0,00   86,00    0,00    0,00    0,00   14,00
15:06:32       8    0,00    0,00    0,00    0,00    0,00   77,00    0,00    0,00    0,00   23,00
15:06:32       9    0,00    0,00    0,00    0,00    0,00   28,71    0,00    0,00    0,00   71,29
15:06:32      10    0,00    0,00    0,00    0,00    0,00   35,00    0,00    0,00    0,00   65,00
15:06:32      11    0,00    0,00    0,00    0,00    0,00   38,38    0,00    0,00    0,00   61,62
15:06:32      12    1,03    0,00    0,00    0,00    0,00   38,14    0,00    0,00    0,00   60,82
15:06:32      13    0,00    0,00    0,00    0,00    0,00   52,48    0,00    0,00    0,00   47,52
15:06:32      14    0,00    0,00    0,00    0,00    0,00   38,38    0,00    0,00    0,00   61,62
15:06:32      15    0,00    0,00    0,00    0,00    0,00   50,51    0,00    0,00    0,00   49,49
15:06:32      16    0,00    0,00    0,00    0,00    0,00    0,00    0,00    0,00    0,00  100,00
15:06:32      17    0,99    0,00    0,00    0,00    0,00    0,00    0,00    0,00    0,00   99,01
15:06:32      18    0,00    0,00    0,00    0,00    0,00    0,00    0,00    0,00    0,00  100,00
15:06:32      19    0,00    0,00    0,00    0,00    0,00    0,00    0,00    0,00    0,00  100,00
15:06:32      20    0,00    0,00    0,00    0,00    0,00    0,00    0,00    0,00    0,00  100,00
15:06:32      21    0,99    0,00    0,00    0,00    0,00    0,00    0,00    0,00    0,00   99,01
15:06:32      22    0,99    0,00    0,99    0,00    0,00    0,00    0,00    0,00    0,00   98,02
15:06:32      23    0,00    0,00    0,99    0,00    0,00    0,00    0,00    0,00    0,00   99,01

15:06:32     CPU    %usr   %nice    %sys %iowait    %irq   %soft  %steal  %guest  %gnice   %idle
15:06:33     all    0,17    0,00    0,08    0,08    0,00   37,41    0,00    0,00    0,00   62,26
15:06:33       0    0,99    0,00    0,00    0,00    0,00   37,62    0,00    0,00    0,00   61,39
15:06:33       1    0,00    0,00    0,00    0,00    0,00   54,55    0,00    0,00    0,00   45,45
15:06:33       2    0,00    0,00    0,00    0,00    0,00   57,28    0,00    0,00    0,00   42,72
15:06:33       3    0,00    0,00    0,00    0,00    0,00   52,94    0,00    0,00    0,00   47,06
15:06:33       4    0,00    0,00    0,00    0,00    0,00   57,00    0,00    0,00    0,00   43,00
15:06:33       5    0,00    0,00    0,00    0,00    0,00   89,22    0,00    0,00    0,00   10,78
15:06:33       6    0,00    0,00    0,00    0,00    0,00  100,00    0,00    0,00    0,00    0,00
15:06:33       7    0,00    0,00    0,00    0,00    0,00   86,00    0,00    0,00    0,00   14,00
15:06:33       8    0,00    0,00    0,00    1,00    0,00   77,00    0,00    0,00    0,00   22,00
15:06:33       9    0,00    0,00    0,00    0,00    0,00   29,70    0,00    0,00    0,00   70,30
15:06:33      10    0,00    0,00    1,00    0,00    0,00   34,00    0,00    0,00    0,00   65,00
15:06:33      11    0,00    0,00    0,00    0,00    0,00   39,60    0,00    0,00    0,00   60,40
15:06:33      12    0,00    0,00    0,00    0,00    0,00   39,22    0,00    0,00    0,00   60,78
15:06:33      13    0,00    0,00    0,00    0,00    0,00   53,47    0,00    0,00    0,00   46,53
15:06:33      14    0,00    0,00    0,00    0,00    0,00   39,00    0,00    0,00    0,00   61,00
15:06:33      15    0,00    0,00    0,00    0,00    0,00   50,00    0,00    0,00    0,00   50,00
15:06:33      16    0,99    0,00    0,00    0,00    0,00    0,00    0,00    0,00    0,00   99,01
15:06:33      17    0,00    0,00    0,99    0,99    0,00    0,00    0,00    0,00    0,00   98,02
15:06:33      18    0,00    0,00    0,00    0,00    0,00    0,00    0,00    0,00    0,00  100,00
15:06:33      19    0,00    0,00    0,00    0,00    0,00    0,00    0,00    0,00    0,00  100,00
15:06:33      20    0,99    0,00    0,00    0,00    0,00    0,00    0,00    0,00    0,00   99,01
15:06:33      21    0,00    0,00    0,00    0,00    0,00    0,00    0,00    0,00    0,00  100,00
15:06:33      22    0,00    0,00    0,00    0,00    0,00    0,00    0,00    0,00    0,00  100,00
15:06:33      23    1,00    0,00    0,00    0,00    0,00    0,00    0,00    0,00    0,00   99,00

15:06:33     CPU    %usr   %nice    %sys %iowait    %irq   %soft  %steal  %guest  %gnice   %idle
15:06:34     all    0,13    0,00    0,00    0,00    0,00   37,11    0,00    0,00    0,00   62,76
15:06:34       0    0,00    0,00    0,00    0,00    0,00   35,00    0,00    0,00    0,00   65,00
15:06:34       1    0,00    0,00    0,00    0,00    0,00   54,00    0,00    0,00    0,00   46,00
15:06:34       2    0,00    0,00    0,00    0,00    0,00   55,45    0,00    0,00    0,00   44,55
15:06:34       3    0,00    0,00    0,00    0,00    0,00   52,48    0,00    0,00    0,00   47,52
15:06:34       4    0,00    0,00    0,00    0,00    0,00   56,00    0,00    0,00    0,00   44,00
15:06:34       5    0,00    0,00    0,00    0,00    0,00   89,90    0,00    0,00    0,00   10,10
15:06:34       6    0,00    0,00    0,00    0,00    0,00  100,00    0,00    0,00    0,00    0,00
15:06:34       7    0,00    0,00    0,00    0,00    0,00   86,87    0,00    0,00    0,00   13,13
15:06:34       8    0,00    0,00    0,00    0,00    0,00   80,00    0,00    0,00    0,00   20,00
15:06:34       9    0,00    0,00    0,00    0,00    0,00   28,28    0,00    0,00    0,00   71,72
15:06:34      10    0,99    0,00    0,00    0,00    0,00   34,65    0,00    0,00    0,00   64,36
15:06:34      11    0,00    0,00    0,00    0,00    0,00   38,00    0,00    0,00    0,00   62,00
15:06:34      12    0,99    0,00    0,00    0,00    0,00   38,61    0,00    0,00    0,00   60,40
15:06:34      13    0,00    0,00    0,00    0,00    0,00   52,94    0,00    0,00    0,00   47,06
15:06:34      14    1,01    0,00    0,00    0,00    0,00   38,38    0,00    0,00    0,00   60,61
15:06:34      15    0,00    0,00    0,00    0,00    0,00   49,49    0,00    0,00    0,00   50,51
15:06:34      16    0,00    0,00    0,00    0,00    0,00    0,00    0,00    0,00    0,00  100,00
15:06:34      17    0,00    0,00    0,00    0,00    0,00    0,00    0,00    0,00    0,00  100,00
15:06:34      18    0,00    0,00    0,00    0,00    0,00    0,00    0,00    0,00    0,00  100,00
15:06:34      19    0,00    0,00    0,00    0,00    0,00    0,00    0,00    0,00    0,00  100,00
15:06:34      20    0,00    0,00    0,00    0,00    0,00    0,00    0,00    0,00    0,00  100,00
15:06:34      21    0,00    0,00    0,00    0,00    0,00    0,00    0,00    0,00    0,00  100,00
15:06:34      22    0,00    0,00    0,00    0,00    0,00    0,00    0,00    0,00    0,00  100,00
15:06:34      23    0,00    0,00    0,00    0,00    0,00    0,00    0,00    0,00    0,00  100,00

15:06:34     CPU    %usr   %nice    %sys %iowait    %irq   %soft  %steal  %guest  %gnice   %idle
15:06:35     all    0,17    0,00    0,12    0,04    0,00   37,95    0,00    0,00    0,00   61,71
15:06:35       0    0,00    0,00    0,00    0,00    0,00   40,00    0,00    0,00    0,00   60,00
15:06:35       1    0,00    0,00    0,00    0,00    0,00   58,42    0,00    0,00    0,00   41,58
15:06:35       2    0,00    0,00    0,00    0,00    0,00   58,42    0,00    0,00    0,00   41,58
15:06:35       3    1,00    0,00    0,00    0,00    0,00   55,00    0,00    0,00    0,00   44,00
15:06:35       4    0,00    0,00    0,00    0,00    0,00   57,58    0,00    0,00    0,00   42,42
15:06:35       5    0,00    0,00    0,00    0,00    0,00   92,00    0,00    0,00    0,00    8,00
15:06:35       6    0,00    0,00    0,00    0,00    0,00  100,00    0,00    0,00    0,00    0,00
15:06:35       7    0,00    0,00    0,00    0,00    0,00   86,14    0,00    0,00    0,00   13,86
15:06:35       8    0,00    0,00    0,00    0,00    0,00   78,00    0,00    0,00    0,00   22,00
15:06:35       9    0,00    0,00    0,00    0,00    0,00   29,70    0,00    0,00    0,00   70,30
15:06:35      10    0,00    0,00    0,00    0,00    0,00   36,00    0,00    0,00    0,00   64,00
15:06:35      11    0,00    0,00    0,00    0,00    0,00   40,00    0,00    0,00    0,00   60,00
15:06:35      12    0,00    0,00    0,00    0,00    0,00   38,38    0,00    0,00    0,00   61,62
15:06:35      13    0,00    0,00    0,00    0,00    0,00   52,48    0,00    0,00    0,00   47,52
15:06:35      14    1,00    0,00    0,00    0,00    0,00   39,00    0,00    0,00    0,00   60,00
15:06:35      15    0,00    0,00    0,00    0,00    0,00   49,49    0,00    0,00    0,00   50,51
15:06:35      16    0,00    0,00    1,00    0,00    0,00    0,00    0,00    0,00    0,00   99,00
15:06:35      17    0,00    0,00    0,00    0,00    0,00    0,00    0,00    0,00    0,00  100,00
15:06:35      18    0,00    0,00    0,00    0,00    0,00    0,00    0,00    0,00    0,00  100,00
15:06:35      19    0,98    0,00    0,98    0,00    0,00    0,00    0,00    0,00    0,00   98,04
15:06:35      20    0,00    0,00    1,00    0,00    0,00    0,00    0,00    0,00    0,00   99,00
15:06:35      21    1,00    0,00    0,00    1,00    0,00    0,00    0,00    0,00    0,00   98,00
15:06:35      22    0,00    0,00    0,00    0,00    0,00    0,00    0,00    0,00    0,00  100,00
15:06:35      23    0,00    0,00    0,00    0,00    0,00    0,00    0,00    0,00    0,00  100,00

15:06:35     CPU    %usr   %nice    %sys %iowait    %irq   %soft  %steal  %guest  %gnice   %idle
15:06:36     all    0,21    0,00    0,13    0,00    0,00   38,08    0,00    0,00    0,00   61,58
15:06:36       0    0,00    0,00    0,00    0,00    0,00   40,00    0,00    0,00    0,00   60,00
15:06:36       1    0,00    0,00    0,00    0,00    0,00   58,59    0,00    0,00    0,00   41,41
15:06:36       2    0,00    0,00    0,00    0,00    0,00   59,00    0,00    0,00    0,00   41,00
15:06:36       3    0,00    0,00    0,00    0,00    0,00   57,14    0,00    0,00    0,00   42,86
15:06:36       4    0,00    0,00    0,00    0,00    0,00   58,59    0,00    0,00    0,00   41,41
15:06:36       5    0,00    0,00    1,00    0,00    0,00   92,00    0,00    0,00    0,00    7,00
15:06:36       6    0,00    0,00    0,00    0,00    0,00  100,00    0,00    0,00    0,00    0,00
15:06:36       7    0,00    0,00    0,00    0,00    0,00   86,87    0,00    0,00    0,00   13,13
15:06:36       8    0,00    0,00    0,00    0,00    0,00   79,00    0,00    0,00    0,00   21,00
15:06:36       9    1,01    0,00    0,00    0,00    0,00   30,30    0,00    0,00    0,00   68,69
15:06:36      10    0,00    0,00    0,00    0,00    0,00   35,35    0,00    0,00    0,00   64,65
15:06:36      11    0,00    0,00    0,00    0,00    0,00   38,78    0,00    0,00    0,00   61,22
15:06:36      12    2,97    0,00    0,00    0,00    0,00   38,61    0,00    0,00    0,00   58,42
15:06:36      13    0,00    0,00    0,00    0,00    0,00   51,52    0,00    0,00    0,00   48,48
15:06:36      14    0,00    0,00    1,01    0,00    0,00   39,39    0,00    0,00    0,00   59,60
15:06:36      15    0,00    0,00    0,00    0,00    0,00   49,49    0,00    0,00    0,00   50,51
15:06:36      16    0,00    0,00    0,00    0,00    0,00    0,00    0,00    0,00    0,00  100,00
15:06:36      17    1,00    0,00    0,00    0,00    0,00    0,00    0,00    0,00    0,00   99,00
15:06:36      18    0,00    0,00    0,00    0,00    0,00    0,00    0,00    0,00    0,00  100,00
15:06:36      19    0,00    0,00    0,00    0,00    0,00    0,00    0,00    0,00    0,00  100,00
15:06:36      20    0,00    0,00    0,00    0,00    0,00    0,00    0,00    0,00    0,00  100,00
15:06:36      21    0,00    0,00    1,00    0,00    0,00    0,00    0,00    0,00    0,00   99,00
15:06:36      22    0,00    0,00    0,00    0,00    0,00    0,00    0,00    0,00    0,00  100,00
15:06:36      23    0,00    0,00    0,00    0,00    0,00    0,00    0,00    0,00    0,00  100,00

15:06:36     CPU    %usr   %nice    %sys %iowait    %irq   %soft  %steal  %guest  %gnice   %idle
15:06:37     all    0,17    0,00    0,12    0,00    0,00   37,96    0,00    0,00    0,00   61,75
15:06:37       0    0,00    0,00    0,00    0,00    0,00   38,38    0,00    0,00    0,00   61,62
15:06:37       1    0,00    0,00    0,00    0,00    0,00   57,00    0,00    0,00    0,00   43,00
15:06:37       2    0,00    0,00    0,00    0,00    0,00   58,59    0,00    0,00    0,00   41,41
15:06:37       3    0,98    0,00    0,00    0,00    0,00   56,86    0,00    0,00    0,00   42,16
15:06:37       4    0,00    0,00    0,00    0,00    0,00   58,00    0,00    0,00    0,00   42,00
15:06:37       5    0,00    0,00    0,00    0,00    0,00   92,08    0,00    0,00    0,00    7,92
15:06:37       6    0,00    0,00    0,00    0,00    0,00  100,00    0,00    0,00    0,00    0,00
15:06:37       7    0,00    0,00    0,00    0,00    0,00   87,00    0,00    0,00    0,00   13,00
15:06:37       8    0,00    0,00    0,00    0,00    0,00   79,00    0,00    0,00    0,00   21,00
15:06:37       9    0,00    0,00    0,00    0,00    0,00   29,70    0,00    0,00    0,00   70,30
15:06:37      10    0,00    0,00    0,00    0,00    0,00   34,69    0,00    0,00    0,00   65,31
15:06:37      11    0,00    0,00    0,00    0,00    0,00   39,00    0,00    0,00    0,00   61,00
15:06:37      12    0,00    0,00    0,00    0,00    0,00   39,00    0,00    0,00    0,00   61,00
15:06:37      13    0,00    0,00    0,00    0,00    0,00   53,00    0,00    0,00    0,00   47,00
15:06:37      14    1,00    0,00    0,00    0,00    0,00   38,00    0,00    0,00    0,00   61,00
15:06:37      15    0,00    0,00    0,00    0,00    0,00   49,49    0,00    0,00    0,00   50,51
15:06:37      16    0,99    0,00    0,99    0,00    0,00    0,00    0,00    0,00    0,00   98,02
15:06:37      17    0,00    0,00    0,00    0,00    0,00    0,00    0,00    0,00    0,00  100,00
15:06:37      18    1,00    0,00    1,00    0,00    0,00    0,00    0,00    0,00    0,00   98,00
15:06:37      19    0,00    0,00    0,00    0,00    0,00    0,00    0,00    0,00    0,00  100,00
15:06:37      20    0,00    0,00    0,00    0,00    0,00    0,00    0,00    0,00    0,00  100,00
15:06:37      21    0,00    0,00    1,00    0,00    0,00    0,00    0,00    0,00    0,00   99,00
15:06:37      22    0,00    0,00    0,00    0,00    0,00    0,00    0,00    0,00    0,00  100,00
15:06:37      23    0,00    0,00    0,00    0,00    0,00    0,00    0,00    0,00    0,00  100,00

15:06:37     CPU    %usr   %nice    %sys %iowait    %irq   %soft  %steal  %guest  %gnice   %idle
15:06:38     all    0,08    0,00    0,00    0,00    0,00   37,74    0,00    0,00    0,00   62,18
15:06:38       0    0,00    0,00    0,00    0,00    0,00   38,38    0,00    0,00    0,00   61,62
15:06:38       1    0,00    0,00    0,00    0,00    0,00   55,00    0,00    0,00    0,00   45,00
15:06:38       2    0,00    0,00    0,00    0,00    0,00   57,43    0,00    0,00    0,00   42,57
15:06:38       3    0,00    0,00    0,00    0,00    0,00   57,58    0,00    0,00    0,00   42,42
15:06:38       4    0,00    0,00    0,00    0,00    0,00   57,58    0,00    0,00    0,00   42,42
15:06:38       5    0,00    0,00    0,00    0,00    0,00   92,00    0,00    0,00    0,00    8,00
15:06:38       6    0,00    0,00    0,00    0,00    0,00  100,00    0,00    0,00    0,00    0,00
15:06:38       7    0,00    0,00    0,00    0,00    0,00   86,00    0,00    0,00    0,00   14,00
15:06:38       8    0,00    0,00    0,00    0,00    0,00   79,38    0,00    0,00    0,00   20,62
15:06:38       9    0,00    0,00    0,00    0,00    0,00   29,29    0,00    0,00    0,00   70,71
15:06:38      10    0,00    0,00    0,00    0,00    0,00   36,00    0,00    0,00    0,00   64,00
15:06:38      11    0,00    0,00    0,00    0,00    0,00   39,60    0,00    0,00    0,00   60,40
15:06:38      12    0,00    0,00    0,00    0,00    0,00   38,38    0,00    0,00    0,00   61,62
15:06:38      13    0,99    0,00    0,00    0,00    0,00   51,49    0,00    0,00    0,00   47,52
15:06:38      14    0,00    0,00    0,00    0,00    0,00   37,37    0,00    0,00    0,00   62,63
15:06:38      15    0,00    0,00    0,00    0,00    0,00   50,00    0,00    0,00    0,00   50,00
15:06:38      16    0,00    0,00    0,00    0,00    0,00    0,00    0,00    0,00    0,00  100,00
15:06:38      17    1,00    0,00    0,00    0,00    0,00    0,00    0,00    0,00    0,00   99,00
15:06:38      18    0,00    0,00    0,00    0,00    0,00    0,00    0,00    0,00    0,00  100,00
15:06:38      19    0,00    0,00    0,00    0,00    0,00    0,00    0,00    0,00    0,00  100,00
15:06:38      20    0,00    0,00    0,00    0,00    0,00    0,00    0,00    0,00    0,00  100,00
15:06:38      21    0,00    0,00    0,00    0,00    0,00    0,00    0,00    0,00    0,00  100,00
15:06:38      22    0,00    0,00    0,00    0,00    0,00    0,00    0,00    0,00    0,00  100,00
15:06:38      23    0,00    0,00    0,00    0,00    0,00    0,00    0,00    0,00    0,00  100,00

15:06:38     CPU    %usr   %nice    %sys %iowait    %irq   %soft  %steal  %guest  %gnice   %idle
15:06:39     all    0,13    0,00    0,13    0,00    0,00   37,69    0,00    0,00    0,00   62,06
15:06:39       0    0,00    0,00    0,00    0,00    0,00   38,24    0,00    0,00    0,00   61,76
15:06:39       1    1,00    0,00    0,00    0,00    0,00   53,00    0,00    0,00    0,00   46,00
15:06:39       2    0,00    0,00    0,00    0,00    0,00   56,70    0,00    0,00    0,00   43,30
15:06:39       3    0,00    0,00    0,00    0,00    0,00   57,14    0,00    0,00    0,00   42,86
15:06:39       4    0,00    0,00    0,00    0,00    0,00   59,00    0,00    0,00    0,00   41,00
15:06:39       5    0,00    0,00    0,00    0,00    0,00   91,92    0,00    0,00    0,00    8,08
15:06:39       6    0,00    0,00    0,00    0,00    0,00  100,00    0,00    0,00    0,00    0,00
15:06:39       7    0,00    0,00    0,00    0,00    0,00   87,00    0,00    0,00    0,00   13,00
15:06:39       8    0,00    0,00    0,00    0,00    0,00   79,59    0,00    0,00    0,00   20,41
15:06:39       9    0,00    0,00    0,00    0,00    0,00   29,70    0,00    0,00    0,00   70,30
15:06:39      10    0,00    0,00    0,00    0,00    0,00   34,34    0,00    0,00    0,00   65,66
15:06:39      11    0,00    0,00    0,00    0,00    0,00   40,59    0,00    0,00    0,00   59,41
15:06:39      12    0,98    0,00    0,98    0,00    0,00   38,24    0,00    0,00    0,00   59,80
15:06:39      13    0,00    0,00    0,00    0,00    0,00   53,00    0,00    0,00    0,00   47,00
15:06:39      14    0,00    0,00    0,00    0,00    0,00   39,39    0,00    0,00    0,00   60,61
15:06:39      15    0,00    0,00    0,00    0,00    0,00   49,49    0,00    0,00    0,00   50,51
15:06:39      16    0,00    0,00    0,00    0,00    0,00    0,00    0,00    0,00    0,00  100,00
15:06:39      17    0,00    0,00    0,00    0,00    0,00    0,00    0,00    0,00    0,00  100,00
15:06:39      18    0,00    0,00    0,00    0,00    0,00    0,00    0,00    0,00    0,00  100,00
15:06:39      19    0,00    0,00    0,00    0,00    0,00    0,00    0,00    0,00    0,00  100,00
15:06:39      20    0,00    0,00    0,00    0,00    0,00    0,00    0,00    0,00    0,00  100,00
15:06:39      21    0,99    0,00    0,99    0,00    0,00    0,00    0,00    0,00    0,00   98,02
15:06:39      22    0,00    0,00    0,00    0,00    0,00    0,00    0,00    0,00    0,00  100,00
15:06:39      23    0,00    0,00    0,99    0,00    0,00    0,00    0,00    0,00    0,00   99,01

15:06:39     CPU    %usr   %nice    %sys %iowait    %irq   %soft  %steal  %guest  %gnice   %idle
15:06:40     all    0,21    0,00    0,12    0,00    0,00   37,88    0,00    0,00    0,00   61,79
15:06:40       0    0,00    0,00    0,00    0,00    0,00   38,38    0,00    0,00    0,00   61,62
15:06:40       1    0,00    0,00    0,00    0,00    0,00   54,00    0,00    0,00    0,00   46,00
15:06:40       2    0,00    0,00    0,00    0,00    0,00   58,42    0,00    0,00    0,00   41,58
15:06:40       3    0,00    0,00    0,99    0,00    0,00   57,43    0,00    0,00    0,00   41,58
15:06:40       4    0,00    0,00    0,00    0,00    0,00   57,58    0,00    0,00    0,00   42,42
15:06:40       5    0,00    0,00    0,00    0,00    0,00   94,12    0,00    0,00    0,00    5,88
15:06:40       6    0,00    0,00    0,00    0,00    0,00  100,00    0,00    0,00    0,00    0,00
15:06:40       7    0,00    0,00    0,00    0,00    0,00   86,14    0,00    0,00    0,00   13,86
15:06:40       8    0,00    0,00    0,00    0,00    0,00   80,20    0,00    0,00    0,00   19,80
15:06:40       9    0,00    0,00    0,00    0,00    0,00   29,00    0,00    0,00    0,00   71,00
15:06:40      10    0,98    0,00    0,00    0,00    0,00   36,27    0,00    0,00    0,00   62,75
15:06:40      11    0,00    0,00    0,00    0,00    0,00   39,00    0,00    0,00    0,00   61,00
15:06:40      12    0,00    0,00    0,00    0,00    0,00   38,38    0,00    0,00    0,00   61,62
15:06:40      13    0,00    0,00    1,02    0,00    0,00   50,00    0,00    0,00    0,00   48,98
15:06:40      14    0,00    0,00    0,00    0,00    0,00   39,00    0,00    0,00    0,00   61,00
15:06:40      15    0,00    0,00    0,00    0,00    0,00   50,00    0,00    0,00    0,00   50,00
15:06:40      16    0,00    0,00    1,00    0,00    0,00    0,00    0,00    0,00    0,00   99,00
15:06:40      17    1,00    0,00    0,00    0,00    0,00    0,00    0,00    0,00    0,00   99,00
15:06:40      18    0,00    0,00    0,00    0,00    0,00    0,00    0,00    0,00    0,00  100,00
15:06:40      19    0,00    0,00    0,00    0,00    0,00    0,00    0,00    0,00    0,00  100,00
15:06:40      20    0,00    0,00    0,00    0,00    0,00    0,00    0,00    0,00    0,00  100,00
15:06:40      21    0,99    0,00    0,00    0,00    0,00    0,00    0,00    0,00    0,00   99,01
15:06:40      22    0,99    0,00    0,00    0,00    0,00    0,00    0,00    0,00    0,00   99,01
15:06:40      23    1,00    0,00    0,00    0,00    0,00    0,00    0,00    0,00    0,00   99,00

15:06:40     CPU    %usr   %nice    %sys %iowait    %irq   %soft  %steal  %guest  %gnice   %idle
15:06:41     all    0,17    0,00    0,08    0,00    0,00   37,40    0,00    0,00    0,00   62,35
15:06:41       0    0,00    0,00    0,00    0,00    0,00   38,00    0,00    0,00    0,00   62,00
15:06:41       1    0,00    0,00    0,00    0,00    0,00   54,08    0,00    0,00    0,00   45,92
15:06:41       2    0,00    0,00    0,00    0,00    0,00   56,57    0,00    0,00    0,00   43,43
15:06:41       3    1,00    0,00    0,00    0,00    0,00   54,00    0,00    0,00    0,00   45,00
15:06:41       4    0,00    0,00    0,00    0,00    0,00   58,42    0,00    0,00    0,00   41,58
15:06:41       5    0,00    0,00    0,00    0,00    0,00   93,00    0,00    0,00    0,00    7,00
15:06:41       6    0,00    0,00    0,00    0,00    0,00  100,00    0,00    0,00    0,00    0,00
15:06:41       7    0,00    0,00    0,00    0,00    0,00   86,73    0,00    0,00    0,00   13,27
15:06:41       8    0,00    0,00    0,00    0,00    0,00   79,38    0,00    0,00    0,00   20,62
15:06:41       9    0,00    0,00    0,00    0,00    0,00   28,57    0,00    0,00    0,00   71,43
15:06:41      10    0,00    0,00    1,02    0,00    0,00   33,67    0,00    0,00    0,00   65,31
15:06:41      11    0,00    0,00    0,00    0,00    0,00   39,39    0,00    0,00    0,00   60,61
15:06:41      12    0,00    0,00    0,00    0,00    0,00   38,38    0,00    0,00    0,00   61,62
15:06:41      13    1,00    0,00    0,00    0,00    0,00   51,00    0,00    0,00    0,00   48,00
15:06:41      14    1,00    0,00    0,00    0,00    0,00   38,00    0,00    0,00    0,00   61,00
15:06:41      15    0,00    0,00    0,00    0,00    0,00   50,00    0,00    0,00    0,00   50,00
15:06:41      16    0,00    0,00    0,00    0,00    0,00    0,00    0,00    0,00    0,00  100,00
15:06:41      17    1,00    0,00    0,00    0,00    0,00    0,00    0,00    0,00    0,00   99,00
15:06:41      18    0,00    0,00    0,00    0,00    0,00    0,00    0,00    0,00    0,00  100,00
15:06:41      19    0,00    0,00    0,00    0,00    0,00    0,00    0,00    0,00    0,00  100,00
15:06:41      20    0,00    0,00    0,00    0,00    0,00    0,00    0,00    0,00    0,00  100,00
15:06:41      21    0,00    0,00    1,00    0,00    0,00    0,00    0,00    0,00    0,00   99,00
15:06:41      22    0,00    0,00    0,00    0,00    0,00    0,00    0,00    0,00    0,00  100,00
15:06:41      23    0,00    0,00    0,00    0,00    0,00    0,00    0,00    0,00    0,00  100,00

15:06:41     CPU    %usr   %nice    %sys %iowait    %irq   %soft  %steal  %guest  %gnice   %idle
15:06:42     all    0,04    0,00    0,08    0,00    0,00   39,10    0,00    0,00    0,00   60,77
15:06:42       0    0,00    0,00    0,00    0,00    0,00   39,00    0,00    0,00    0,00   61,00
15:06:42       1    0,00    0,00    0,00    0,00    0,00   56,00    0,00    0,00    0,00   44,00
15:06:42       2    0,00    0,00    0,00    0,00    0,00   60,40    0,00    0,00    0,00   39,60
15:06:42       3    0,00    0,00    0,00    0,00    0,00   57,14    0,00    0,00    0,00   42,86
15:06:42       4    0,00    0,00    0,00    0,00    0,00   61,00    0,00    0,00    0,00   39,00
15:06:42       5    0,00    0,00    0,00    0,00    0,00   95,00    0,00    0,00    0,00    5,00
15:06:42       6    0,00    0,00    0,00    0,00    0,00  100,00    0,00    0,00    0,00    0,00
15:06:42       7    0,00    0,00    0,00    0,00    0,00   90,00    0,00    0,00    0,00   10,00
15:06:42       8    0,00    0,00    0,00    0,00    0,00   83,70    0,00    0,00    0,00   16,30
15:06:42       9    0,00    0,00    0,00    0,00    0,00   30,69    0,00    0,00    0,00   69,31
15:06:42      10    0,00    0,00    0,00    0,00    0,00   38,00    0,00    0,00    0,00   62,00
15:06:42      11    0,00    0,00    0,00    0,00    0,00   41,58    0,00    0,00    0,00   58,42
15:06:42      12    0,99    0,00    0,00    0,00    0,00   41,58    0,00    0,00    0,00   57,43
15:06:42      13    0,00    0,00    0,00    0,00    0,00   53,54    0,00    0,00    0,00   46,46
15:06:42      14    0,00    0,00    0,98    0,00    0,00   41,18    0,00    0,00    0,00   57,84
15:06:42      15    0,00    0,00    0,00    0,00    0,00   53,00    0,00    0,00    0,00   47,00
15:06:42      16    0,00    0,00    0,00    0,00    0,00    0,00    0,00    0,00    0,00  100,00
15:06:42      17    0,00    0,00    1,00    0,00    0,00    0,00    0,00    0,00    0,00   99,00
15:06:42      18    0,00    0,00    0,00    0,00    0,00    0,00    0,00    0,00    0,00  100,00
15:06:42      19    0,00    0,00    0,00    0,00    0,00    0,00    0,00    0,00    0,00  100,00
15:06:42      20    0,00    0,00    0,00    0,00    0,00    0,00    0,00    0,00    0,00  100,00
15:06:42      21    0,00    0,00    0,00    0,00    0,00    0,00    0,00    0,00    0,00  100,00
15:06:42      22    0,00    0,00    0,00    0,00    0,00    0,00    0,00    0,00    0,00  100,00
15:06:42      23    0,00    0,00    0,00    0,00    0,00    0,00    0,00    0,00    0,00  100,00

15:06:42     CPU    %usr   %nice    %sys %iowait    %irq   %soft  %steal  %guest  %gnice   %idle
15:06:43     all    0,13    0,00    0,08    0,00    0,00   40,14    0,00    0,00    0,00   59,65
15:06:43       0    0,00    0,00    0,00    0,00    0,00   39,60    0,00    0,00    0,00   60,40
15:06:43       1    0,00    0,00    0,00    0,00    0,00   57,58    0,00    0,00    0,00   42,42
15:06:43       2    0,00    0,00    0,00    0,00    0,00   62,63    0,00    0,00    0,00   37,37
15:06:43       3    0,00    0,00    0,00    0,00    0,00   62,00    0,00    0,00    0,00   38,00
15:06:43       4    0,00    0,00    0,00    0,00    0,00   62,24    0,00    0,00    0,00   37,76
15:06:43       5    0,00    0,00    0,00    0,00    0,00   97,06    0,00    0,00    0,00    2,94
15:06:43       6    0,00    0,00    0,00    0,00    0,00  100,00    0,00    0,00    0,00    0,00
15:06:43       7    0,00    0,00    0,00    0,00    0,00   93,00    0,00    0,00    0,00    7,00
15:06:43       8    0,00    0,00    0,00    0,00    0,00   85,57    0,00    0,00    0,00   14,43
15:06:43       9    0,00    0,00    0,00    0,00    0,00   30,61    0,00    0,00    0,00   69,39
15:06:43      10    0,00    0,00    0,00    0,00    0,00   37,76    0,00    0,00    0,00   62,24
15:06:43      11    0,00    0,00    0,00    0,00    0,00   41,41    0,00    0,00    0,00   58,59
15:06:43      12    0,00    0,00    0,00    0,00    0,00   41,41    0,00    0,00    0,00   58,59
15:06:43      13    1,01    0,00    0,00    0,00    0,00   54,55    0,00    0,00    0,00   44,44
15:06:43      14    0,00    0,00    0,00    0,00    0,00   41,58    0,00    0,00    0,00   58,42
15:06:43      15    0,00    0,00    0,00    0,00    0,00   57,28    0,00    0,00    0,00   42,72
15:06:43      16    0,00    0,00    1,00    0,00    0,00    0,00    0,00    0,00    0,00   99,00
15:06:43      17    0,99    0,00    0,00    0,00    0,00    0,00    0,00    0,00    0,00   99,01
15:06:43      18    0,00    0,00    0,00    0,00    0,00    0,00    0,00    0,00    0,00  100,00
15:06:43      19    0,99    0,00    0,00    0,00    0,00    0,00    0,00    0,00    0,00   99,01
15:06:43      20    0,00    0,00    0,00    0,00    0,00    0,00    0,00    0,00    0,00  100,00
15:06:43      21    0,00    0,00    1,00    0,00    0,00    0,00    0,00    0,00    0,00   99,00
15:06:43      22    0,00    0,00    0,00    0,00    0,00    0,00    0,00    0,00    0,00  100,00
15:06:43      23    0,00    0,00    0,00    0,00    0,00    0,00    0,00    0,00    0,00  100,00

15:06:43     CPU    %usr   %nice    %sys %iowait    %irq   %soft  %steal  %guest  %gnice   %idle
15:06:44     all    0,17    0,00    0,04    0,00    0,00   40,06    0,00    0,00    0,00   59,73
15:06:44       0    0,00    0,00    0,00    0,00    0,00   40,00    0,00    0,00    0,00   60,00
15:06:44       1    0,00    0,00    0,00    0,00    0,00   57,58    0,00    0,00    0,00   42,42
15:06:44       2    0,00    0,00    0,00    0,00    0,00   62,00    0,00    0,00    0,00   38,00
15:06:44       3    0,99    0,00    0,00    0,00    0,00   61,39    0,00    0,00    0,00   37,62
15:06:44       4    0,00    0,00    0,00    0,00    0,00   62,38    0,00    0,00    0,00   37,62
15:06:44       5    0,00    0,00    0,00    0,00    0,00   97,03    0,00    0,00    0,00    2,97
15:06:44       6    0,00    0,00    0,99    0,00    0,00   99,01    0,00    0,00    0,00    0,00
15:06:44       7    0,00    0,00    0,00    0,00    0,00   92,00    0,00    0,00    0,00    8,00
15:06:44       8    0,00    0,00    0,00    0,00    0,00   84,85    0,00    0,00    0,00   15,15
15:06:44       9    0,00    0,00    0,00    0,00    0,00   30,30    0,00    0,00    0,00   69,70
15:06:44      10    0,00    0,00    0,00    0,00    0,00   36,73    0,00    0,00    0,00   63,27
15:06:44      11    0,00    0,00    0,00    0,00    0,00   42,00    0,00    0,00    0,00   58,00
15:06:44      12    0,99    0,00    0,00    0,00    0,00   41,58    0,00    0,00    0,00   57,43
15:06:44      13    0,00    0,00    0,00    0,00    0,00   55,56    0,00    0,00    0,00   44,44
15:06:44      14    0,00    0,00    0,00    0,00    0,00   41,41    0,00    0,00    0,00   58,59
15:06:44      15    0,00    0,00    0,00    0,00    0,00   55,56    0,00    0,00    0,00   44,44
15:06:44      16    0,00    0,00    0,00    0,00    0,00    0,00    0,00    0,00    0,00  100,00
15:06:44      17    1,00    0,00    0,00    0,00    0,00    0,00    0,00    0,00    0,00   99,00
15:06:44      18    0,00    0,00    0,00    0,00    0,00    0,00    0,00    0,00    0,00  100,00
15:06:44      19    0,00    0,00    0,00    0,00    0,00    0,00    0,00    0,00    0,00  100,00
15:06:44      20    0,00    0,00    0,00    0,00    0,00    0,00    0,00    0,00    0,00  100,00
15:06:44      21    1,00    0,00    0,00    0,00    0,00    0,00    0,00    0,00    0,00   99,00
15:06:44      22    0,00    0,00    0,00    0,00    0,00    0,00    0,00    0,00    0,00  100,00
15:06:44      23    0,00    0,00    0,00    0,00    0,00    0,00    0,00    0,00    0,00  100,00

15:06:44     CPU    %usr   %nice    %sys %iowait    %irq   %soft  %steal  %guest  %gnice   %idle
15:06:45     all    0,08    0,00    0,13    0,00    0,00   40,22    0,00    0,00    0,00   59,57
15:06:45       0    0,00    0,00    0,00    0,00    0,00   40,00    0,00    0,00    0,00   60,00
15:06:45       1    0,00    0,00    0,00    0,00    0,00   58,42    0,00    0,00    0,00   41,58
15:06:45       2    0,00    0,00    1,00    0,00    0,00   62,00    0,00    0,00    0,00   37,00
15:06:45       3    0,00    0,00    0,00    0,00    0,00   63,00    0,00    0,00    0,00   37,00
15:06:45       4    0,00    0,00    0,00    0,00    0,00   61,62    0,00    0,00    0,00   38,38
15:06:45       5    0,00    0,00    0,00    0,00    0,00   97,98    0,00    0,00    0,00    2,02
15:06:45       6    0,00    0,00    0,00    0,00    0,00  100,00    0,00    0,00    0,00    0,00
15:06:45       7    0,00    0,00    0,00    0,00    0,00   92,00    0,00    0,00    0,00    8,00
15:06:45       8    0,00    0,00    0,00    0,00    0,00   84,54    0,00    0,00    0,00   15,46
15:06:45       9    0,00    0,00    0,00    0,00    0,00   31,00    0,00    0,00    0,00   69,00
15:06:45      10    0,98    0,00    0,98    0,00    0,00   37,25    0,00    0,00    0,00   60,78
15:06:45      11    0,00    0,00    0,00    0,00    0,00   42,00    0,00    0,00    0,00   58,00
15:06:45      12    0,00    0,00    0,00    0,00    0,00   43,00    0,00    0,00    0,00   57,00
15:06:45      13    0,00    0,00    0,00    0,00    0,00   55,45    0,00    0,00    0,00   44,55
15:06:45      14    0,00    0,00    0,00    0,00    0,00   43,00    0,00    0,00    0,00   57,00
15:06:45      15    0,00    0,00    0,00    0,00    0,00   55,56    0,00    0,00    0,00   44,44
15:06:45      16    0,00    0,00    0,00    0,00    0,00    0,00    0,00    0,00    0,00  100,00
15:06:45      17    0,00    0,00    0,00    0,00    0,00    0,00    0,00    0,00    0,00  100,00
15:06:45      18    0,00    0,00    0,00    0,00    0,00    0,00    0,00    0,00    0,00  100,00
15:06:45      19    0,00    0,00    0,00    0,00    0,00    0,00    0,00    0,00    0,00  100,00
15:06:45      20    0,99    0,00    0,00    0,00    0,00    0,00    0,00    0,00    0,00   99,01
15:06:45      21    0,00    0,00    1,00    0,00    0,00    0,00    0,00    0,00    0,00   99,00
15:06:45      22    0,00    0,00    0,00    0,00    0,00    0,00    0,00    0,00    0,00  100,00
15:06:45      23    0,00    0,00    0,00    0,00    0,00    0,00    0,00    0,00    0,00  100,00

15:06:45     CPU    %usr   %nice    %sys %iowait    %irq   %soft  %steal  %guest  %gnice   %idle
15:06:46     all    0,25    0,00    0,13    0,00    0,00   40,18    0,00    0,00    0,00   59,44
15:06:46       0    0,00    0,00    0,00    0,00    0,00   40,40    0,00    0,00    0,00   59,60
15:06:46       1    0,00    0,00    1,00    0,00    0,00   58,00    0,00    0,00    0,00   41,00
15:06:46       2    1,01    0,00    0,00    0,00    0,00   62,63    0,00    0,00    0,00   36,36
15:06:46       3    0,00    0,00    0,00    0,00    0,00   62,00    0,00    0,00    0,00   38,00
15:06:46       4    0,00    0,00    0,00    0,00    0,00   62,63    0,00    0,00    0,00   37,37
15:06:46       5    0,00    0,00    0,00    0,00    0,00   98,00    0,00    0,00    0,00    2,00
15:06:46       6    0,00    0,00    0,00    0,00    0,00  100,00    0,00    0,00    0,00    0,00
15:06:46       7    0,00    0,00    0,00    0,00    0,00   92,08    0,00    0,00    0,00    7,92
15:06:46       8    0,00    0,00    0,00    0,00    0,00   84,69    0,00    0,00    0,00   15,31
15:06:46       9    0,00    0,00    0,00    0,00    0,00   31,31    0,00    0,00    0,00   68,69
15:06:46      10    0,00    0,00    0,00    0,00    0,00   37,76    0,00    0,00    0,00   62,24
15:06:46      11    0,00    0,00    0,00    0,00    0,00   42,57    0,00    0,00    0,00   57,43
15:06:46      12    1,00    0,00    1,00    0,00    0,00   41,00    0,00    0,00    0,00   57,00
15:06:46      13    0,00    0,00    0,00    0,00    0,00   54,00    0,00    0,00    0,00   46,00
15:06:46      14    0,00    0,00    0,00    0,00    0,00   42,86    0,00    0,00    0,00   57,14
15:06:46      15    0,00    0,00    0,00    0,00    0,00   56,00    0,00    0,00    0,00   44,00
15:06:46      16    1,00    0,00    0,00    0,00    0,00    0,00    0,00    0,00    0,00   99,00
15:06:46      17    1,00    0,00    0,00    0,00    0,00    0,00    0,00    0,00    0,00   99,00
15:06:46      18    0,00    0,00    0,00    0,00    0,00    0,00    0,00    0,00    0,00  100,00
15:06:46      19    0,00    0,00    0,00    0,00    0,00    0,00    0,00    0,00    0,00  100,00
15:06:46      20    0,00    0,00    0,00    0,00    0,00    0,00    0,00    0,00    0,00  100,00
15:06:46      21    0,99    0,00    0,00    0,00    0,00    0,00    0,00    0,00    0,00   99,01
15:06:46      22    0,00    0,00    1,00    0,00    0,00    0,00    0,00    0,00    0,00   99,00
15:06:46      23    0,99    0,00    0,00    0,00    0,00    0,00    0,00    0,00    0,00   99,01

15:06:46     CPU    %usr   %nice    %sys %iowait    %irq   %soft  %steal  %guest  %gnice   %idle
15:06:47     all    0,17    0,00    0,12    0,00    0,00   40,35    0,00    0,00    0,00   59,36
15:06:47       0    0,00    0,00    0,00    0,00    0,00   41,58    0,00    0,00    0,00   58,42
15:06:47       1    0,00    0,00    0,00    0,00    0,00   59,00    0,00    0,00    0,00   41,00
15:06:47       2    0,00    0,00    0,00    0,00    0,00   63,37    0,00    0,00    0,00   36,63
15:06:47       3    0,00    0,00    0,00    0,00    0,00   62,38    0,00    0,00    0,00   37,62
15:06:47       4    0,00    0,00    0,00    0,00    0,00   62,38    0,00    0,00    0,00   37,62
15:06:47       5    0,00    0,00    0,00    0,00    0,00   97,03    0,00    0,00    0,00    2,97
15:06:47       6    0,00    0,00    0,00    0,00    0,00  100,00    0,00    0,00    0,00    0,00
15:06:47       7    0,00    0,00    0,97    0,00    0,00   91,26    0,00    0,00    0,00    7,77
15:06:47       8    0,00    0,00    0,00    0,00    0,00   85,57    0,00    0,00    0,00   14,43
15:06:47       9    0,00    0,00    0,00    0,00    0,00   31,68    0,00    0,00    0,00   68,32
15:06:47      10    0,98    0,00    0,00    0,00    0,00   38,24    0,00    0,00    0,00   60,78
15:06:47      11    0,00    0,00    0,00    0,00    0,00   41,58    0,00    0,00    0,00   58,42
15:06:47      12    1,00    0,00    0,00    0,00    0,00   42,00    0,00    0,00    0,00   57,00
15:06:47      13    1,02    0,00    0,00    0,00    0,00   53,06    0,00    0,00    0,00   45,92
15:06:47      14    0,00    0,00    0,00    0,00    0,00   43,00    0,00    0,00    0,00   57,00
15:06:47      15    0,00    0,00    0,00    0,00    0,00   54,55    0,00    0,00    0,00   45,45
15:06:47      16    0,00    0,00    1,01    0,00    0,00    0,00    0,00    0,00    0,00   98,99
15:06:47      17    0,00    0,00    0,00    0,00    0,00    0,00    0,00    0,00    0,00  100,00
15:06:47      18    0,00    0,00    0,99    0,00    0,00    0,00    0,00    0,00    0,00   99,01
15:06:47      19    0,00    0,00    0,00    0,00    0,00    0,00    0,00    0,00    0,00  100,00
15:06:47      20    0,00    0,00    0,00    0,00    0,00    0,00    0,00    0,00    0,00  100,00
15:06:47      21    0,00    0,00    0,00    0,00    0,00    0,00    0,00    0,00    0,00  100,00
15:06:47      22    1,00    0,00    0,00    0,00    0,00    0,00    0,00    0,00    0,00   99,00
15:06:47      23    0,00    0,00    0,00    0,00    0,00    0,00    0,00    0,00    0,00  100,00

15:06:47     CPU    %usr   %nice    %sys %iowait    %irq   %soft  %steal  %guest  %gnice   %idle
15:06:48     all    0,04    0,00    0,04    0,04    0,00   40,32    0,00    0,00    0,00   59,56
15:06:48       0    0,00    0,00    0,00    0,00    0,00   40,40    0,00    0,00    0,00   59,60
15:06:48       1    0,00    0,00    0,00    0,00    0,00   57,73    0,00    0,00    0,00   42,27
15:06:48       2    0,00    0,00    0,00    0,00    0,00   62,63    0,00    0,00    0,00   37,37
15:06:48       3    0,00    0,00    0,00    0,00    0,00   63,00    0,00    0,00    0,00   37,00
15:06:48       4    0,00    0,00    0,00    0,00    0,00   62,24    0,00    0,00    0,00   37,76
15:06:48       5    0,00    0,00    0,00    0,00    0,00   97,03    0,00    0,00    0,00    2,97
15:06:48       6    0,00    0,00    0,00    0,00    0,00  100,00    0,00    0,00    0,00    0,00
15:06:48       7    0,00    0,00    0,00    0,00    0,00   92,16    0,00    0,00    0,00    7,84
15:06:48       8    0,00    0,00    0,00    0,98    0,00   85,29    0,00    0,00    0,00   13,73
15:06:48       9    0,00    0,00    0,00    0,00    0,00   31,31    0,00    0,00    0,00   68,69
15:06:48      10    0,00    0,00    0,00    0,00    0,00   37,76    0,00    0,00    0,00   62,24
15:06:48      11    0,00    0,00    0,00    0,00    0,00   43,00    0,00    0,00    0,00   57,00
15:06:48      12    0,00    0,00    0,00    0,00    0,00   42,00    0,00    0,00    0,00   58,00
15:06:48      13    0,00    0,00    0,00    0,00    0,00   54,08    0,00    0,00    0,00   45,92
15:06:48      14    0,00    0,00    0,00    0,00    0,00   40,62    0,00    0,00    0,00   59,38
15:06:48      15    0,00    0,00    0,00    0,00    0,00   56,00    0,00    0,00    0,00   44,00
15:06:48      16    0,00    0,00    0,00    0,00    0,00    0,00    0,00    0,00    0,00  100,00
15:06:48      17    0,99    0,00    0,00    0,00    0,00    0,00    0,00    0,00    0,00   99,01
15:06:48      18    0,00    0,00    0,00    0,00    0,00    0,00    0,00    0,00    0,00  100,00
15:06:48      19    0,00    0,00    0,00    0,00    0,00    0,00    0,00    0,00    0,00  100,00
15:06:48      20    0,00    0,00    0,00    0,00    0,00    0,00    0,00    0,00    0,00  100,00
15:06:48      21    0,00    0,00    0,00    0,00    0,00    0,00    0,00    0,00    0,00  100,00
15:06:48      22    0,00    0,00    1,00    0,00    0,00    0,00    0,00    0,00    0,00   99,00
15:06:48      23    0,00    0,00    0,00    0,00    0,00    0,00    0,00    0,00    0,00  100,00

15:06:48     CPU    %usr   %nice    %sys %iowait    %irq   %soft  %steal  %guest  %gnice   %idle
15:06:49     all    0,08    0,00    0,04    0,00    0,00   40,52    0,00    0,00    0,00   59,36
15:06:49       0    0,00    0,00    0,00    0,00    0,00   41,00    0,00    0,00    0,00   59,00
15:06:49       1    0,99    0,00    0,00    0,00    0,00   57,43    0,00    0,00    0,00   41,58
15:06:49       2    0,00    0,00    0,00    0,00    0,00   62,00    0,00    0,00    0,00   38,00
15:06:49       3    0,00    0,00    0,00    0,00    0,00   62,00    0,00    0,00    0,00   38,00
15:06:49       4    0,00    0,00    0,00    0,00    0,00   63,37    0,00    0,00    0,00   36,63
15:06:49       5    0,00    0,00    0,00    0,00    0,00   97,03    0,00    0,00    0,00    2,97
15:06:49       6    0,00    0,00    0,00    0,00    0,00  100,00    0,00    0,00    0,00    0,00
15:06:49       7    0,00    0,00    0,00    0,00    0,00   93,14    0,00    0,00    0,00    6,86
15:06:49       8    0,00    0,00    0,00    0,00    0,00   85,86    0,00    0,00    0,00   14,14
15:06:49       9    0,00    0,00    0,00    0,00    0,00   31,00    0,00    0,00    0,00   69,00
15:06:49      10    0,00    0,00    0,00    0,00    0,00   38,61    0,00    0,00    0,00   61,39
15:06:49      11    0,98    0,00    0,00    0,00    0,00   43,14    0,00    0,00    0,00   55,88
15:06:49      12    0,00    0,00    0,00    0,00    0,00   41,00    0,00    0,00    0,00   59,00
15:06:49      13    0,00    0,00    0,00    0,00    0,00   55,45    0,00    0,00    0,00   44,55
15:06:49      14    0,00    0,00    0,00    0,00    0,00   41,41    0,00    0,00    0,00   58,59
15:06:49      15    0,00    0,00    0,00    0,00    0,00   56,44    0,00    0,00    0,00   43,56
15:06:49      16    0,00    0,00    1,00    0,00    0,00    0,00    0,00    0,00    0,00   99,00
15:06:49      17    0,00    0,00    0,00    0,00    0,00    0,00    0,00    0,00    0,00  100,00
15:06:49      18    0,00    0,00    0,00    0,00    0,00    0,00    0,00    0,00    0,00  100,00
15:06:49      19    0,00    0,00    0,00    0,00    0,00    0,00    0,00    0,00    0,00  100,00
15:06:49      20    0,00    0,00    0,00    0,00    0,00    0,00    0,00    0,00    0,00  100,00
15:06:49      21    0,00    0,00    0,00    0,00    0,00    0,00    0,00    0,00    0,00  100,00
15:06:49      22    0,00    0,00    0,00    0,00    0,00    0,00    0,00    0,00    0,00  100,00
15:06:49      23    0,00    0,00    0,00    0,00    0,00    0,00    0,00    0,00    0,00  100,00

15:06:49     CPU    %usr   %nice    %sys %iowait    %irq   %soft  %steal  %guest  %gnice   %idle
15:06:50     all    0,17    0,00    0,04    0,00    0,00   40,33    0,00    0,00    0,00   59,46
15:06:50       0    0,00    0,00    0,00    0,00    0,00   42,00    0,00    0,00    0,00   58,00
15:06:50       1    0,00    0,00    0,00    0,00    0,00   58,16    0,00    0,00    0,00   41,84
15:06:50       2    0,00    0,00    0,00    0,00    0,00   61,46    0,00    0,00    0,00   38,54
15:06:50       3    0,00    0,00    0,00    0,00    0,00   61,86    0,00    0,00    0,00   38,14
15:06:50       4    0,00    0,00    0,00    0,00    0,00   64,71    0,00    0,00    0,00   35,29
15:06:50       5    0,00    0,00    0,00    0,00    0,00   99,00    0,00    0,00    0,00    1,00
15:06:50       6    0,00    0,00    0,00    0,00    0,00  100,00    0,00    0,00    0,00    0,00
15:06:50       7    0,00    0,00    0,00    0,00    0,00   92,23    0,00    0,00    0,00    7,77
15:06:50       8    0,00    0,00    0,00    0,00    0,00   84,85    0,00    0,00    0,00   15,15
15:06:50       9    0,00    0,00    0,00    0,00    0,00   31,31    0,00    0,00    0,00   68,69
15:06:50      10    0,00    0,00    0,00    0,00    0,00   37,76    0,00    0,00    0,00   62,24
15:06:50      11    0,00    0,00    0,00    0,00    0,00   42,00    0,00    0,00    0,00   58,00
15:06:50      12    0,00    0,00    0,00    0,00    0,00   42,00    0,00    0,00    0,00   58,00
15:06:50      13    0,00    0,00    0,00    0,00    0,00   53,54    0,00    0,00    0,00   46,46
15:06:50      14    0,00    0,00    0,00    0,00    0,00   41,41    0,00    0,00    0,00   58,59
15:06:50      15    0,00    0,00    0,00    0,00    0,00   56,00    0,00    0,00    0,00   44,00
15:06:50      16    1,00    0,00    0,00    0,00    0,00    0,00    0,00    0,00    0,00   99,00
15:06:50      17    1,00    0,00    0,00    0,00    0,00    0,00    0,00    0,00    0,00   99,00
15:06:50      18    0,00    0,00    0,00    0,00    0,00    0,00    0,00    0,00    0,00  100,00
15:06:50      19    0,00    0,00    0,00    0,00    0,00    0,00    0,00    0,00    0,00  100,00
15:06:50      20    0,00    0,00    0,00    0,00    0,00    0,00    0,00    0,00    0,00  100,00
15:06:50      21    0,00    0,00    1,00    0,00    0,00    0,00    0,00    0,00    0,00   99,00
15:06:50      22    1,00    0,00    0,00    0,00    0,00    0,00    0,00    0,00    0,00   99,00
15:06:50      23    0,99    0,00    0,00    0,00    0,00    0,00    0,00    0,00    0,00   99,01

15:06:50     CPU    %usr   %nice    %sys %iowait    %irq   %soft  %steal  %guest  %gnice   %idle
15:06:51     all    0,17    0,00    0,08    0,00    0,00   40,28    0,00    0,00    0,00   59,47
15:06:51       0    0,00    0,00    0,00    0,00    0,00   40,40    0,00    0,00    0,00   59,60
15:06:51       1    0,00    0,00    0,00    0,00    0,00   59,00    0,00    0,00    0,00   41,00
15:06:51       2    1,00    0,00    0,00    0,00    0,00   62,00    0,00    0,00    0,00   37,00
15:06:51       3    0,00    0,00    0,00    0,00    0,00   61,62    0,00    0,00    0,00   38,38
15:06:51       4    0,00    0,00    0,00    0,00    0,00   62,24    0,00    0,00    0,00   37,76
15:06:51       5    0,00    0,00    0,00    0,00    0,00   97,06    0,00    0,00    0,00    2,94
15:06:51       6    0,00    0,00    0,00    0,00    0,00  100,00    0,00    0,00    0,00    0,00
15:06:51       7    0,00    0,00    0,00    0,00    0,00   92,00    0,00    0,00    0,00    8,00
15:06:51       8    1,00    0,00    0,00    0,00    0,00   85,00    0,00    0,00    0,00   14,00
15:06:51       9    0,00    0,00    0,00    0,00    0,00   31,68    0,00    0,00    0,00   68,32
15:06:51      10    0,00    0,00    0,00    0,00    0,00   38,00    0,00    0,00    0,00   62,00
15:06:51      11    0,00    0,00    0,00    0,00    0,00   43,00    0,00    0,00    0,00   57,00
15:06:51      12    1,00    0,00    0,00    0,00    0,00   41,00    0,00    0,00    0,00   58,00
15:06:51      13    0,99    0,00    0,00    0,00    0,00   55,45    0,00    0,00    0,00   43,56
15:06:51      14    0,00    0,00    0,99    0,00    0,00   41,58    0,00    0,00    0,00   57,43
15:06:51      15    0,00    0,00    0,00    0,00    0,00   55,56    0,00    0,00    0,00   44,44
15:06:51      16    0,00    0,00    0,00    0,00    0,00    0,00    0,00    0,00    0,00  100,00
15:06:51      17    0,00    0,00    0,99    0,00    0,00    0,00    0,00    0,00    0,00   99,01
15:06:51      18    0,00    0,00    0,00    0,00    0,00    0,00    0,00    0,00    0,00  100,00
15:06:51      19    0,00    0,00    0,00    0,00    0,00    0,00    0,00    0,00    0,00  100,00
15:06:51      20    0,00    0,00    0,00    0,00    0,00    0,00    0,00    0,00    0,00  100,00
15:06:51      21    0,00    0,00    0,00    0,00    0,00    0,00    0,00    0,00    0,00  100,00
15:06:51      22    0,00    0,00    0,00    0,00    0,00    0,00    0,00    0,00    0,00  100,00
15:06:51      23    0,00    0,00    0,00    0,00    0,00    0,00    0,00    0,00    0,00  100,00

15:06:51     CPU    %usr   %nice    %sys %iowait    %irq   %soft  %steal  %guest  %gnice   %idle
15:06:52     all    0,17    0,00    0,13    0,00    0,00   39,96    0,00    0,00    0,00   59,75
15:06:52       0    0,00    0,00    0,00    0,00    0,00   41,00    0,00    0,00    0,00   59,00
15:06:52       1    0,00    0,00    0,00    0,00    0,00   60,00    0,00    0,00    0,00   40,00
15:06:52       2    1,01    0,00    0,00    0,00    0,00   60,61    0,00    0,00    0,00   38,38
15:06:52       3    0,00    0,00    0,00    0,00    0,00   61,62    0,00    0,00    0,00   38,38
15:06:52       4    0,00    0,00    0,00    0,00    0,00   63,00    0,00    0,00    0,00   37,00
15:06:52       5    0,00    0,00    0,00    0,00    0,00   97,03    0,00    0,00    0,00    2,97
15:06:52       6    0,00    0,00    0,00    0,00    0,00  100,00    0,00    0,00    0,00    0,00
15:06:52       7    0,00    0,00    0,00    0,00    0,00   92,16    0,00    0,00    0,00    7,84
15:06:52       8    0,00    0,00    0,00    0,00    0,00   82,95    0,00    0,00    0,00   17,05
15:06:52       9    0,00    0,00    0,00    0,00    0,00   32,00    0,00    0,00    0,00   68,00
15:06:52      10    0,00    0,00    0,00    0,00    0,00   38,38    0,00    0,00    0,00   61,62
15:06:52      11    0,00    0,00    0,00    0,00    0,00   41,41    0,00    0,00    0,00   58,59
15:06:52      12    0,00    0,00    0,00    0,00    0,00   40,82    0,00    0,00    0,00   59,18
15:06:52      13    0,00    0,00    0,00    0,00    0,00   54,00    0,00    0,00    0,00   46,00
15:06:52      14    0,00    0,00    0,00    0,00    0,00   41,41    0,00    0,00    0,00   58,59
15:06:52      15    0,00    0,00    0,00    0,00    0,00   57,00    0,00    0,00    0,00   43,00
15:06:52      16    0,00    0,00    0,00    0,00    0,00    0,00    0,00    0,00    0,00  100,00
15:06:52      17    1,00    0,00    1,00    0,00    0,00    0,00    0,00    0,00    0,00   98,00
15:06:52      18    1,00    0,00    0,00    0,00    0,00    0,00    0,00    0,00    0,00   99,00
15:06:52      19    0,00    0,00    0,00    0,00    0,00    0,00    0,00    0,00    0,00  100,00
15:06:52      20    0,99    0,00    0,00    0,00    0,00    0,00    0,00    0,00    0,00   99,01
15:06:52      21    0,00    0,00    0,00    0,00    0,00    0,00    0,00    0,00    0,00  100,00
15:06:52      22    0,00    0,00    1,00    0,00    0,00    0,00    0,00    0,00    0,00   99,00
15:06:52      23    0,00    0,00    0,99    0,00    0,00    0,00    0,00    0,00    0,00   99,01

15:06:52     CPU    %usr   %nice    %sys %iowait    %irq   %soft  %steal  %guest  %gnice   %idle
15:06:53     all    0,04    0,00    0,17    0,04    0,00   40,13    0,00    0,00    0,00   59,62
15:06:53       0    0,00    0,00    0,00    0,00    0,00   41,00    0,00    0,00    0,00   59,00
15:06:53       1    0,00    0,00    0,00    0,00    0,00   58,59    0,00    0,00    0,00   41,41
15:06:53       2    0,00    0,00    0,00    0,00    0,00   61,62    0,00    0,00    0,00   38,38
15:06:53       3    0,00    0,00    1,00    0,00    0,00   61,00    0,00    0,00    0,00   38,00
15:06:53       4    0,00    0,00    0,00    0,00    0,00   62,63    0,00    0,00    0,00   37,37
15:06:53       5    0,00    0,00    0,99    0,00    0,00   96,04    0,00    0,00    0,00    2,97
15:06:53       6    0,00    0,00    0,00    0,00    0,00  100,00    0,00    0,00    0,00    0,00
15:06:53       7    0,00    0,00    0,00    0,00    0,00   92,93    0,00    0,00    0,00    7,07
15:06:53       8    0,00    0,00    1,01    0,00    0,00   84,85    0,00    0,00    0,00   14,14
15:06:53       9    0,00    0,00    0,00    0,00    0,00   30,61    0,00    0,00    0,00   69,39
15:06:53      10    0,00    0,00    0,00    0,00    0,00   38,61    0,00    0,00    0,00   61,39
15:06:53      11    0,00    0,00    0,00    0,00    0,00   41,41    0,00    0,00    0,00   58,59
15:06:53      12    0,99    0,00    0,00    0,00    0,00   41,58    0,00    0,00    0,00   57,43
15:06:53      13    0,00    0,00    0,00    0,00    0,00   54,08    0,00    0,00    0,00   45,92
15:06:53      14    0,00    0,00    0,00    0,00    0,00   41,41    0,00    0,00    0,00   58,59
15:06:53      15    0,00    0,00    0,00    0,00    0,00   56,44    0,00    0,00    0,00   43,56
15:06:53      16    0,00    0,00    1,00    1,00    0,00    0,00    0,00    0,00    0,00   98,00
15:06:53      17    0,00    0,00    0,00    0,00    0,00    0,00    0,00    0,00    0,00  100,00
15:06:53      18    0,00    0,00    0,00    0,00    0,00    0,00    0,00    0,00    0,00  100,00
15:06:53      19    0,00    0,00    0,00    0,00    0,00    0,00    0,00    0,00    0,00  100,00
15:06:53      20    0,00    0,00    0,00    0,00    0,00    0,00    0,00    0,00    0,00  100,00
15:06:53      21    0,00    0,00    0,00    0,00    0,00    0,00    0,00    0,00    0,00  100,00
15:06:53      22    0,00    0,00    0,00    0,00    0,00    0,00    0,00    0,00    0,00  100,00
15:06:53      23    0,00    0,00    0,00    0,00    0,00    0,00    0,00    0,00    0,00  100,00

15:06:53     CPU    %usr   %nice    %sys %iowait    %irq   %soft  %steal  %guest  %gnice   %idle
15:06:54     all    0,13    0,00    0,04    0,00    0,00   40,26    0,00    0,00    0,00   59,57
15:06:54       0    0,00    0,00    0,00    0,00    0,00   41,41    0,00    0,00    0,00   58,59
15:06:54       1    0,00    0,00    0,00    0,00    0,00   59,00    0,00    0,00    0,00   41,00
15:06:54       2    0,00    0,00    0,00    0,00    0,00   63,00    0,00    0,00    0,00   37,00
15:06:54       3    0,00    0,00    0,00    0,00    0,00   63,00    0,00    0,00    0,00   37,00
15:06:54       4    0,00    0,00    0,00    0,00    0,00   63,37    0,00    0,00    0,00   36,63
15:06:54       5    0,00    0,00    0,00    0,00    0,00   96,08    0,00    0,00    0,00    3,92
15:06:54       6    0,00    0,00    0,00    0,00    0,00  100,00    0,00    0,00    0,00    0,00
15:06:54       7    0,00    0,00    0,00    0,00    0,00   92,00    0,00    0,00    0,00    8,00
15:06:54       8    0,00    0,00    0,00    0,00    0,00   85,15    0,00    0,00    0,00   14,85
15:06:54       9    0,00    0,00    0,00    0,00    0,00   31,00    0,00    0,00    0,00   69,00
15:06:54      10    0,00    0,00    1,03    0,00    0,00   37,11    0,00    0,00    0,00   61,86
15:06:54      11    0,00    0,00    0,00    0,00    0,00   41,41    0,00    0,00    0,00   58,59
15:06:54      12    0,99    0,00    0,00    0,00    0,00   40,59    0,00    0,00    0,00   58,42
15:06:54      13    0,00    0,00    0,00    0,00    0,00   54,55    0,00    0,00    0,00   45,45
15:06:54      14    0,00    0,00    0,00    0,00    0,00   42,00    0,00    0,00    0,00   58,00
15:06:54      15    0,00    0,00    0,00    0,00    0,00   55,10    0,00    0,00    0,00   44,90
15:06:54      16    0,00    0,00    0,00    0,00    0,00    0,00    0,00    0,00    0,00  100,00
15:06:54      17    0,00    0,00    0,00    0,00    0,00    0,00    0,00    0,00    0,00  100,00
15:06:54      18    0,00    0,00    0,00    0,00    0,00    0,00    0,00    0,00    0,00  100,00
15:06:54      19    0,00    0,00    0,00    0,00    0,00    0,00    0,00    0,00    0,00  100,00
15:06:54      20    0,99    0,00    0,00    0,00    0,00    0,00    0,00    0,00    0,00   99,01
15:06:54      21    1,00    0,00    0,00    0,00    0,00    0,00    0,00    0,00    0,00   99,00
15:06:54      22    0,00    0,00    0,00    0,00    0,00    0,00    0,00    0,00    0,00  100,00
15:06:54      23    0,00    0,00    0,00    0,00    0,00    0,00    0,00    0,00    0,00  100,00

15:06:54     CPU    %usr   %nice    %sys %iowait    %irq   %soft  %steal  %guest  %gnice   %idle
15:06:55     all    0,21    0,00    0,04    0,00    0,00   40,73    0,00    0,00    0,00   59,02
15:06:55       0    0,00    0,00    0,99    0,00    0,00   42,57    0,00    0,00    0,00   56,44
15:06:55       1    0,00    0,00    0,00    0,00    0,00   61,62    0,00    0,00    0,00   38,38
15:06:55       2    0,00    0,00    0,00    0,00    0,00   62,24    0,00    0,00    0,00   37,76
15:06:55       3    0,00    0,00    0,00    0,00    0,00   62,00    0,00    0,00    0,00   38,00
15:06:55       4    0,00    0,00    0,00    0,00    0,00   63,73    0,00    0,00    0,00   36,27
15:06:55       5    0,00    0,00    0,00    0,00    0,00  100,00    0,00    0,00    0,00    0,00
15:06:55       6    0,00    0,00    0,00    0,00    0,00  100,00    0,00    0,00    0,00    0,00
15:06:55       7    0,00    0,00    0,00    0,00    0,00   92,16    0,00    0,00    0,00    7,84
15:06:55       8    0,00    0,00    0,00    0,00    0,00   85,86    0,00    0,00    0,00   14,14
15:06:55       9    0,00    0,00    0,00    0,00    0,00   30,30    0,00    0,00    0,00   69,70
15:06:55      10    1,00    0,00    0,00    0,00    0,00   37,00    0,00    0,00    0,00   62,00
15:06:55      11    0,00    0,00    0,00    0,00    0,00   41,84    0,00    0,00    0,00   58,16
15:06:55      12    0,00    0,00    0,00    0,00    0,00   42,00    0,00    0,00    0,00   58,00
15:06:55      13    0,00    0,00    0,00    0,00    0,00   55,45    0,00    0,00    0,00   44,55
15:06:55      14    1,00    0,00    0,00    0,00    0,00   44,00    0,00    0,00    0,00   55,00
15:06:55      15    0,00    0,00    0,00    0,00    0,00   57,14    0,00    0,00    0,00   42,86
15:06:55      16    0,00    0,00    0,00    0,00    0,00    0,00    0,00    0,00    0,00  100,00
15:06:55      17    0,00    0,00    0,00    0,00    0,00    0,00    0,00    0,00    0,00  100,00
15:06:55      18    0,00    0,00    0,00    0,00    0,00    0,00    0,00    0,00    0,00  100,00
15:06:55      19    0,99    0,00    0,00    0,00    0,00    0,00    0,00    0,00    0,00   99,01
15:06:55      20    0,00    0,00    0,00    0,00    0,00    0,00    0,00    0,00    0,00  100,00
15:06:55      21    0,00    0,00    0,00    0,00    0,00    0,00    0,00    0,00    0,00  100,00
15:06:55      22    1,00    0,00    0,00    0,00    0,00    0,00    0,00    0,00    0,00   99,00
15:06:55      23    0,99    0,00    0,00    0,00    0,00    0,00    0,00    0,00    0,00   99,01

15:06:55     CPU    %usr   %nice    %sys %iowait    %irq   %soft  %steal  %guest  %gnice   %idle
15:06:56     all    0,04    0,00    0,04    0,00    0,00   41,22    0,00    0,00    0,00   58,69
15:06:56       0    0,00    0,00    0,00    0,00    0,00   42,57    0,00    0,00    0,00   57,43
15:06:56       1    0,00    0,00    0,00    0,00    0,00   61,39    0,00    0,00    0,00   38,61
15:06:56       2    0,00    0,00    0,00    0,00    0,00   62,00    0,00    0,00    0,00   38,00
15:06:56       3    0,00    0,00    0,00    0,00    0,00   62,00    0,00    0,00    0,00   38,00
15:06:56       4    0,00    0,00    0,00    0,00    0,00   63,37    0,00    0,00    0,00   36,63
15:06:56       5    0,00    0,00    0,00    0,00    0,00  100,00    0,00    0,00    0,00    0,00
15:06:56       6    0,00    0,00    0,00    0,00    0,00  100,00    0,00    0,00    0,00    0,00
15:06:56       7    0,00    0,00    0,00    0,00    0,00   92,08    0,00    0,00    0,00    7,92
15:06:56       8    0,00    0,00    0,00    0,00    0,00   85,15    0,00    0,00    0,00   14,85
15:06:56       9    0,00    0,00    0,00    0,00    0,00   30,30    0,00    0,00    0,00   69,70
15:06:56      10    0,00    0,00    0,00    0,00    0,00   38,38    0,00    0,00    0,00   61,62
15:06:56      11    0,00    0,00    0,00    0,00    0,00   42,00    0,00    0,00    0,00   58,00
15:06:56      12    0,00    0,00    0,00    0,00    0,00   40,40    0,00    0,00    0,00   59,60
15:06:56      13    0,00    0,00    0,00    0,00    0,00   55,45    0,00    0,00    0,00   44,55
15:06:56      14    0,00    0,00    0,00    0,00    0,00   50,98    0,00    0,00    0,00   49,02
15:06:56      15    0,00    0,00    0,00    0,00    0,00   61,00    0,00    0,00    0,00   39,00
15:06:56      16    0,00    0,00    0,00    0,00    0,00    0,00    0,00    0,00    0,00  100,00
15:06:56      17    0,00    0,00    0,00    0,00    0,00    0,00    0,00    0,00    0,00  100,00
15:06:56      18    0,00    0,00    0,00    0,00    0,00    0,00    0,00    0,00    0,00  100,00
15:06:56      19    0,00    0,00    0,00    0,00    0,00    0,00    0,00    0,00    0,00  100,00
15:06:56      20    1,00    0,00    0,00    0,00    0,00    0,00    0,00    0,00    0,00   99,00
15:06:56      21    0,00    0,00    0,00    0,00    0,00    0,00    0,00    0,00    0,00  100,00
15:06:56      22    0,00    0,00    0,99    0,00    0,00    0,00    0,00    0,00    0,00   99,01
15:06:56      23    0,00    0,00    0,00    0,00    0,00    0,00    0,00    0,00    0,00  100,00

15:06:56     CPU    %usr   %nice    %sys %iowait    %irq   %soft  %steal  %guest  %gnice   %idle
15:06:57     all    0,21    0,00    0,04    0,00    0,00   41,07    0,00    0,00    0,00   58,68
15:06:57       0    0,00    0,00    0,00    0,00    0,00   42,00    0,00    0,00    0,00   58,00
15:06:57       1    0,00    0,00    0,00    0,00    0,00   61,22    0,00    0,00    0,00   38,78
15:06:57       2    0,00    0,00    0,00    0,00    0,00   63,64    0,00    0,00    0,00   36,36
15:06:57       3    0,00    0,00    0,00    0,00    0,00   63,00    0,00    0,00    0,00   37,00
15:06:57       4    0,00    0,00    0,00    0,00    0,00   63,73    0,00    0,00    0,00   36,27
15:06:57       5    0,00    0,00    0,00    0,00    0,00  100,00    0,00    0,00    0,00    0,00
15:06:57       6    0,00    0,00    0,00    0,00    0,00  100,00    0,00    0,00    0,00    0,00
15:06:57       7    0,00    0,00    0,00    0,00    0,00   92,00    0,00    0,00    0,00    8,00
15:06:57       8    0,00    0,00    0,00    0,00    0,00   84,85    0,00    0,00    0,00   15,15
15:06:57       9    0,00    0,00    0,00    0,00    0,00   31,31    0,00    0,00    0,00   68,69
15:06:57      10    0,00    0,00    0,00    0,00    0,00   39,39    0,00    0,00    0,00   60,61
15:06:57      11    1,00    0,00    0,00    0,00    0,00   42,00    0,00    0,00    0,00   57,00
15:06:57      12    0,99    0,00    0,00    0,00    0,00   39,60    0,00    0,00    0,00   59,41
15:06:57      13    0,00    0,00    0,00    0,00    0,00   54,55    0,00    0,00    0,00   45,45
15:06:57      14    0,00    0,00    0,00    0,00    0,00   50,50    0,00    0,00    0,00   49,50
15:06:57      15    0,00    0,00    0,00    0,00    0,00   58,00    0,00    0,00    0,00   42,00
15:06:57      16    0,99    0,00    0,99    0,00    0,00    0,00    0,00    0,00    0,00   98,02
15:06:57      17    0,00    0,00    0,00    0,00    0,00    0,00    0,00    0,00    0,00  100,00
15:06:57      18    0,00    0,00    0,00    0,00    0,00    0,00    0,00    0,00    0,00  100,00
15:06:57      19    0,00    0,00    0,00    0,00    0,00    0,00    0,00    0,00    0,00  100,00
15:06:57      20    1,00    0,00    0,00    0,00    0,00    0,00    0,00    0,00    0,00   99,00
15:06:57      21    0,00    0,00    0,00    0,00    0,00    0,00    0,00    0,00    0,00  100,00
15:06:57      22    1,00    0,00    0,00    0,00    0,00    0,00    0,00    0,00    0,00   99,00
15:06:57      23    0,00    0,00    0,00    0,00    0,00    0,00    0,00    0,00    0,00  100,00

15:06:57     CPU    %usr   %nice    %sys %iowait    %irq   %soft  %steal  %guest  %gnice   %idle
15:06:58     all    0,08    0,00    0,13    0,04    0,00   40,81    0,00    0,00    0,00   58,94
15:06:58       0    0,00    0,00    0,00    0,00    0,00   39,39    0,00    0,00    0,00   60,61
15:06:58       1    0,00    0,00    0,00    0,00    0,00   60,00    0,00    0,00    0,00   40,00
15:06:58       2    0,00    0,00    0,00    0,00    0,00   63,00    0,00    0,00    0,00   37,00
15:06:58       3    0,00    0,00    0,00    0,00    0,00   61,62    0,00    0,00    0,00   38,38
15:06:58       4    0,00    0,00    0,00    0,00    0,00   62,63    0,00    0,00    0,00   37,37
15:06:58       5    0,00    0,00    0,00    0,00    0,00  100,00    0,00    0,00    0,00    0,00
15:06:58       6    0,00    0,00    0,00    0,00    0,00  100,00    0,00    0,00    0,00    0,00
15:06:58       7    0,00    0,00    0,00    0,00    0,00   93,00    0,00    0,00    0,00    7,00
15:06:58       8    0,00    0,00    0,00    0,00    0,00   86,00    0,00    0,00    0,00   14,00
15:06:58       9    0,00    0,00    0,00    0,00    0,00   30,61    0,00    0,00    0,00   69,39
15:06:58      10    0,99    0,00    0,00    0,99    0,00   37,62    0,00    0,00    0,00   60,40
15:06:58      11    0,00    0,00    1,00    0,00    0,00   42,00    0,00    0,00    0,00   57,00
15:06:58      12    0,00    0,00    1,01    0,00    0,00   40,40    0,00    0,00    0,00   58,59
15:06:58      13    0,00    0,00    0,00    0,00    0,00   55,00    0,00    0,00    0,00   45,00
15:06:58      14    0,00    0,00    0,98    0,00    0,00   49,02    0,00    0,00    0,00   50,00
15:06:58      15    0,00    0,00    0,00    0,00    0,00   58,59    0,00    0,00    0,00   41,41
15:06:58      16    0,00    0,00    0,00    0,00    0,00    0,00    0,00    0,00    0,00  100,00
15:06:58      17    0,99    0,00    0,00    0,00    0,00    0,00    0,00    0,00    0,00   99,01
15:06:58      18    0,00    0,00    0,00    0,00    0,00    0,00    0,00    0,00    0,00  100,00
15:06:58      19    0,00    0,00    0,00    0,00    0,00    0,00    0,00    0,00    0,00  100,00
15:06:58      20    0,00    0,00    0,00    0,00    0,00    0,00    0,00    0,00    0,00  100,00
15:06:58      21    0,00    0,00    0,00    0,00    0,00    0,00    0,00    0,00    0,00  100,00
15:06:58      22    0,00    0,00    0,00    0,00    0,00    0,00    0,00    0,00    0,00  100,00
15:06:58      23    0,00    0,00    0,00    0,00    0,00    0,00    0,00    0,00    0,00  100,00

15:06:58     CPU    %usr   %nice    %sys %iowait    %irq   %soft  %steal  %guest  %gnice   %idle
15:06:59     all    0,84    0,00    0,25    0,00    0,00   40,84    0,00    0,00    0,00   58,08
15:06:59       0    0,00    0,00    0,00    0,00    0,00   38,38    0,00    0,00    0,00   61,62
15:06:59       1    0,00    0,00    0,00    0,00    0,00   59,00    0,00    0,00    0,00   41,00
15:06:59       2    0,00    0,00    0,00    0,00    0,00   62,38    0,00    0,00    0,00   37,62
15:06:59       3    0,00    0,00    0,00    0,00    0,00   61,00    0,00    0,00    0,00   39,00
15:06:59       4    0,00    0,00    0,00    0,00    0,00   63,37    0,00    0,00    0,00   36,63
15:06:59       5    0,00    0,00    0,00    0,00    0,00  100,00    0,00    0,00    0,00    0,00
15:06:59       6    0,00    0,00    0,00    0,00    0,00  100,00    0,00    0,00    0,00    0,00
15:06:59       7    0,00    0,00    0,00    0,00    0,00   93,07    0,00    0,00    0,00    6,93
15:06:59       8    8,00    0,00    1,00    0,00    0,00   87,00    0,00    0,00    0,00    4,00
15:06:59       9    6,93    0,00    0,99    0,00    0,00   31,68    0,00    0,00    0,00   60,40
15:06:59      10    0,00    0,00    0,00    0,00    0,00   37,37    0,00    0,00    0,00   62,63
15:06:59      11    1,01    0,00    1,01    0,00    0,00   40,40    0,00    0,00    0,00   57,58
15:06:59      12    0,99    0,00    0,00    0,00    0,00   41,58    0,00    0,00    0,00   57,43
15:06:59      13    0,00    0,00    0,00    0,00    0,00   55,56    0,00    0,00    0,00   44,44
15:06:59      14    2,11    0,00    0,00    0,00    0,00   48,42    0,00    0,00    0,00   49,47
15:06:59      15    0,00    0,00    0,00    0,00    0,00   58,59    0,00    0,00    0,00   41,41
15:06:59      16    0,00    0,00    1,01    0,00    0,00    0,00    0,00    0,00    0,00   98,99
15:06:59      17    0,00    0,00    0,00    0,00    0,00    0,00    0,00    0,00    0,00  100,00
15:06:59      18    0,00    0,00    1,01    0,00    0,00    0,00    0,00    0,00    0,00   98,99
15:06:59      19    0,00    0,00    0,00    0,00    0,00    0,00    0,00    0,00    0,00  100,00
15:06:59      20    1,00    0,00    0,00    0,00    0,00    0,00    0,00    0,00    0,00   99,00
15:06:59      21    0,00    0,00    0,00    0,00    0,00    0,00    0,00    0,00    0,00  100,00
15:06:59      22    0,00    0,00    1,00    0,00    0,00    0,00    0,00    0,00    0,00   99,00
15:06:59      23    0,00    0,00    0,00    0,00    0,00    0,00    0,00    0,00    0,00  100,00
